// Vitest Snapshot v1, https://vitest.dev/guide/snapshot.html

exports[`formats > typescript/es6-declarations > with outputStringLiterals should match snapshot 1`] = `
"/**
 * Do not edit directly
 * Generated on Sat, 01 Jan 2000 00:00:00 GMT
 */

/** Used for errors */
export const colorRed : \\"#FF0000\\";
"
`;
